
Memory Configuration

Name             Origin             Length             Attributes
FLASH            0x00000000         0x00004000         xr
SRAM             0x20000000         0x00001000         xrw
*default*        0x00000000         0xffffffff

Linker script and memory map

LOAD App.o
LOAD Button.o
LOAD Co_Scheduler.o
LOAD delay.o
LOAD Det.o
LOAD Dio.o
LOAD Dio_PBcfg.o
LOAD Gpt.o
LOAD lcd.o
LOAD Led.o
LOAD main.o
LOAD my_keypad.o
LOAD Os.o
LOAD Port.o
LOAD Port_PBcfg.o
LOAD startup.o
                0x00000200                __max_heap_size = 0x200
                0x00000200                __max_stack_size = 0x200

.text           0x00000000     0x18b8
 *(.isr_vector)
 .isr_vector    0x00000000       0xb8 startup.o
                0x00000000                vector_table
 *(.text)
 .text          0x000000b8      0x1a0 App.o
                0x000000b8                Init_Task
                0x00000128                Button_Task
                0x00000134                Led_Task
                0x00000140                App_Task
                0x00000178                read_pass
                0x000001dc                compare_pass
 .text          0x00000258       0x9c Button.o
                0x00000258                BUTTON_getState
                0x0000026c                BUTTON_refreshState
 .text          0x000002f4      0x284 Co_Scheduler.o
                0x0000030e                SCH_Init
                0x00000344                SHC_IRQ
                0x000003ec                SCH_Add_Task
                0x00000474                SCH_Dispatch_Tasks
                0x000004f8                SCH_Start
                0x00000504                SCH_Delete_Task
 .text          0x00000578       0x46 delay.o
                0x00000578                Delay_ms
 *fill*         0x000005be        0x2 
 .text          0x000005c0       0x54 Det.o
                0x000005c0                Det_ReportError
 .text          0x00000614      0x5f4 Dio.o
                0x00000614                Dio_Init
                0x00000648                Dio_WriteChannel
                0x00000728                Dio_ReadChannel
                0x000007e4                Dio_GetVersionInfo
                0x00000816                Dio_FlipChannel
                0x000008ec                Dio_ReadPort
                0x00000984                Dio_WritePort
                0x00000a24                Dio_ReadChannelGroup
                0x00000ac4                Dio_WriteChannelGroup
                0x00000b68                Dio_MaskedWritePort
 .text          0x00000c08        0x0 Dio_PBcfg.o
 .text          0x00000c08       0xd8 Gpt.o
                0x00000c08                SysTick_Handler
                0x00000c24                SysTick_Init
                0x00000c90                SysTick_Start
                0x00000cac                SysTick_Stop
                0x00000cc4                SysTick_SetCallBack
 .text          0x00000ce0      0x1f4 lcd.o
                0x00000d4c                LCD_init
                0x00000d84                LCD_send_char
                0x00000df0                LCD_send_string
                0x00000e6c                LCD_clear
                0x00000e7a                LCD_set_cursor
 .text          0x00000ed4       0x64 Led.o
                0x00000ed4                LED_setOn
                0x00000ee4                LED_setOff
                0x00000ef4                LED_refreshOutput
                0x00000f1c                LED_toggle
 .text          0x00000f38        0xe main.o
                0x00000f38                main
 *fill*         0x00000f46        0x2 
 .text          0x00000f48      0x170 my_keypad.o
                0x00000f48                keypadfind
 .text          0x000010b8       0x24 Os.o
                0x000010b8                Os_start
 .text          0x000010dc      0x634 Port.o
                0x000010dc                Port_Init
                0x00001350                Port_SetPinDirection
                0x00001470                Port_SetPinMode
                0x000015cc                Port_RefreshPortDirection
                0x000016cc                Port_GetVersionInfo
 .text          0x00001710        0x0 Port_PBcfg.o
 .text          0x00001710       0x90 startup.o
                0x00001710                DebugMon_Handler
                0x00001710                HardFault_Handler
                0x00001710                PendSV_Handler
                0x00001710                NMI_Handler
                0x00001710                UsageFault_Handler
                0x00001710                BusFault_Handler
                0x00001710                Default_Handler
                0x00001710                MemManage_Handler
                0x00001710                SVC_Handler
                0x00001716                Reset_Handler
                0x000017a0                . = ALIGN (0x4)
 *(.rodata)
 .rodata        0x000017a0       0x2b App.o
 *fill*         0x000017cb        0x1 
 .rodata        0x000017cc        0xc Dio_PBcfg.o
                0x000017cc                Dio_Configuration
 .rodata        0x000017d8       0xe0 Port_PBcfg.o
                0x000017d8                pins_config_structure
                0x000018b8                . = ALIGN (0x4)
                0x000018b8                _etext = .

.glue_7         0x000018b8        0x0
 .glue_7        0x000018b8        0x0 linker stubs

.glue_7t        0x000018b8        0x0
 .glue_7t       0x000018b8        0x0 linker stubs

.vfp11_veneer   0x000018b8        0x0
 .vfp11_veneer  0x000018b8        0x0 linker stubs

.v4_bx          0x000018b8        0x0
 .v4_bx         0x000018b8        0x0 linker stubs

.iplt           0x000018b8        0x0
 .iplt          0x000018b8        0x0 App.o

.rel.dyn        0x000018b8        0x0
 .rel.iplt      0x000018b8        0x0 App.o

.data           0x20000000       0x18 load address 0x000018b8
                0x20000000                _sdata = .
 *(.data)
 .data          0x20000000        0x6 App.o
 .data          0x20000006        0x1 Button.o
 .data          0x20000007        0x0 Co_Scheduler.o
 .data          0x20000007        0x0 delay.o
 .data          0x20000007        0x0 Det.o
 .data          0x20000007        0x0 Dio.o
 .data          0x20000007        0x0 Dio_PBcfg.o
 .data          0x20000007        0x0 Gpt.o
 .data          0x20000007        0x0 lcd.o
 .data          0x20000007        0x0 Led.o
 .data          0x20000007        0x0 main.o
 *fill*         0x20000007        0x1 
 .data          0x20000008       0x10 my_keypad.o
 .data          0x20000018        0x0 Os.o
 .data          0x20000018        0x0 Port.o
 .data          0x20000018        0x0 Port_PBcfg.o
 .data          0x20000018        0x0 startup.o
                0x20000018                . = ALIGN (0x4)
                0x20000018                _edata = .

.igot.plt       0x20000018        0x0 load address 0x000018d0
 .igot.plt      0x20000018        0x0 App.o

.bss            0x20000018       0x84 load address 0x000018d0
                0x20000018                _sbss = .
 *(.bss)
 .bss           0x20000018        0xb App.o
 .bss           0x20000023        0x2 Button.o
 *fill*         0x20000025        0x3 
 .bss           0x20000028       0x59 Co_Scheduler.o
                0x20000028                SCH_tasks_G
                0x20000078                Error_code_G
 .bss           0x20000081        0x0 delay.o
 *fill*         0x20000081        0x1 
 .bss           0x20000082        0x5 Det.o
                0x20000082                GlobalModuleId
                0x20000084                GlobalInstanceId
                0x20000085                GlobalApiId
                0x20000086                GlobalErrorId
 *fill*         0x20000087        0x1 
 .bss           0x20000088        0x9 Dio.o
 .bss           0x20000091        0x0 Dio_PBcfg.o
 *fill*         0x20000091        0x3 
 .bss           0x20000094        0x4 Gpt.o
 .bss           0x20000098        0x0 lcd.o
 .bss           0x20000098        0x1 Led.o
 .bss           0x20000099        0x0 main.o
 .bss           0x20000099        0x2 my_keypad.o
 .bss           0x2000009b        0x0 Os.o
 .bss           0x2000009b        0x1 Port.o
 .bss           0x2000009c        0x0 Port_PBcfg.o
 .bss           0x2000009c        0x0 startup.o
                0x2000009c                . = ALIGN (0x4)
                0x2000009c                _ebss = .
OUTPUT(final.elf elf32-littlearm)
LOAD linker stubs

.debug_info     0x00000000     0x20d4
 .debug_info    0x00000000      0x40c App.o
 .debug_info    0x0000040c       0xfb Button.o
 .debug_info    0x00000507      0x2aa Co_Scheduler.o
 .debug_info    0x000007b1       0xb9 delay.o
 .debug_info    0x0000086a      0x158 Det.o
 .debug_info    0x000009c2      0x5ce Dio.o
 .debug_info    0x00000f90      0x19e Dio_PBcfg.o
 .debug_info    0x0000112e      0x139 Gpt.o
 .debug_info    0x00001267      0x2ca lcd.o
 .debug_info    0x00001531       0xf9 Led.o
 .debug_info    0x0000162a       0x8e main.o
 .debug_info    0x000016b8       0xff my_keypad.o
 .debug_info    0x000017b7       0x83 Os.o
 .debug_info    0x0000183a      0x56b Port.o
 .debug_info    0x00001da5      0x1c8 Port_PBcfg.o
 .debug_info    0x00001f6d      0x167 startup.o

.debug_abbrev   0x00000000      0xb7a
 .debug_abbrev  0x00000000      0x11b App.o
 .debug_abbrev  0x0000011b       0x77 Button.o
 .debug_abbrev  0x00000192      0x14c Co_Scheduler.o
 .debug_abbrev  0x000002de       0x6a delay.o
 .debug_abbrev  0x00000348       0x7d Det.o
 .debug_abbrev  0x000003c5      0x140 Dio.o
 .debug_abbrev  0x00000505       0x96 Dio_PBcfg.o
 .debug_abbrev  0x0000059b       0xb0 Gpt.o
 .debug_abbrev  0x0000064b      0x115 lcd.o
 .debug_abbrev  0x00000760       0x59 Led.o
 .debug_abbrev  0x000007b9       0x46 main.o
 .debug_abbrev  0x000007ff       0x7c my_keypad.o
 .debug_abbrev  0x0000087b       0x39 Os.o
 .debug_abbrev  0x000008b4      0x155 Port.o
 .debug_abbrev  0x00000a09       0xaa Port_PBcfg.o
 .debug_abbrev  0x00000ab3       0xc7 startup.o

.debug_loc      0x00000000      0xe98
 .debug_loc     0x00000000      0x150 App.o
 .debug_loc     0x00000150       0x94 Button.o
 .debug_loc     0x000001e4      0x220 Co_Scheduler.o
 .debug_loc     0x00000404       0x5c delay.o
 .debug_loc     0x00000460       0x5c Det.o
 .debug_loc     0x000004bc      0x398 Dio.o
 .debug_loc     0x00000854      0x16c Gpt.o
 .debug_loc     0x000009c0      0x198 lcd.o
 .debug_loc     0x00000b58       0xb0 Led.o
 .debug_loc     0x00000c08       0x2c main.o
 .debug_loc     0x00000c34       0x2c my_keypad.o
 .debug_loc     0x00000c60       0x2c Os.o
 .debug_loc     0x00000c8c      0x190 Port.o
 .debug_loc     0x00000e1c       0x7c startup.o

.debug_aranges  0x00000000      0x1f0
 .debug_aranges
                0x00000000       0x20 App.o
 .debug_aranges
                0x00000020       0x20 Button.o
 .debug_aranges
                0x00000040       0x20 Co_Scheduler.o
 .debug_aranges
                0x00000060       0x20 delay.o
 .debug_aranges
                0x00000080       0x20 Det.o
 .debug_aranges
                0x000000a0       0x20 Dio.o
 .debug_aranges
                0x000000c0       0x18 Dio_PBcfg.o
 .debug_aranges
                0x000000d8       0x20 Gpt.o
 .debug_aranges
                0x000000f8       0x20 lcd.o
 .debug_aranges
                0x00000118       0x20 Led.o
 .debug_aranges
                0x00000138       0x20 main.o
 .debug_aranges
                0x00000158       0x20 my_keypad.o
 .debug_aranges
                0x00000178       0x20 Os.o
 .debug_aranges
                0x00000198       0x20 Port.o
 .debug_aranges
                0x000001b8       0x18 Port_PBcfg.o
 .debug_aranges
                0x000001d0       0x20 startup.o

.debug_line     0x00000000      0xefe
 .debug_line    0x00000000      0x103 App.o
 .debug_line    0x00000103       0x87 Button.o
 .debug_line    0x0000018a      0x1a3 Co_Scheduler.o
 .debug_line    0x0000032d       0x7c delay.o
 .debug_line    0x000003a9       0x75 Det.o
 .debug_line    0x0000041e      0x319 Dio.o
 .debug_line    0x00000737       0x49 Dio_PBcfg.o
 .debug_line    0x00000780       0xa9 Gpt.o
 .debug_line    0x00000829       0xed lcd.o
 .debug_line    0x00000916       0x78 Led.o
 .debug_line    0x0000098e       0x3c main.o
 .debug_line    0x000009ca      0x128 my_keypad.o
 .debug_line    0x00000af2       0x41 Os.o
 .debug_line    0x00000b33      0x2b9 Port.o
 .debug_line    0x00000dec       0x4b Port_PBcfg.o
 .debug_line    0x00000e37       0xc7 startup.o

.debug_str      0x00000000      0x96f
 .debug_str     0x00000000      0x323 App.o
                                0x373 (size before relaxing)
 .debug_str     0x00000323       0x5d Button.o
                                0x1b1 (size before relaxing)
 .debug_str     0x00000380      0x111 Co_Scheduler.o
                                0x25f (size before relaxing)
 .debug_str     0x00000491       0x20 delay.o
                                0x15b (size before relaxing)
 .debug_str     0x000004b1       0x5f Det.o
                                0x1c9 (size before relaxing)
 .debug_str     0x00000510      0x1b8 Dio.o
                                0x3a3 (size before relaxing)
 .debug_str     0x000006c8        0xc Dio_PBcfg.o
                                0x1fb (size before relaxing)
 .debug_str     0x000006d4       0x7d Gpt.o
                                0x1c6 (size before relaxing)
 .debug_str     0x00000751       0x55 lcd.o
                                0x24b (size before relaxing)
 .debug_str     0x000007a6       0x42 Led.o
                                0x19e (size before relaxing)
 .debug_str     0x000007e8        0xc main.o
                                0x147 (size before relaxing)
 .debug_str     0x000007f4       0x34 my_keypad.o
                                0x18f (size before relaxing)
 .debug_str     0x00000828        0xe Os.o
                                0x149 (size before relaxing)
 .debug_str     0x00000836       0xc7 Port.o
                                0x3a5 (size before relaxing)
 .debug_str     0x000008fd        0xd Port_PBcfg.o
                                0x251 (size before relaxing)
 .debug_str     0x0000090a       0x65 startup.o
                                0x1ba (size before relaxing)

.comment        0x00000000       0x49
 .comment       0x00000000       0x49 App.o
                                 0x4a (size before relaxing)
 .comment       0x00000049       0x4a Button.o
 .comment       0x00000049       0x4a Co_Scheduler.o
 .comment       0x00000049       0x4a delay.o
 .comment       0x00000049       0x4a Det.o
 .comment       0x00000049       0x4a Dio.o
 .comment       0x00000049       0x4a Dio_PBcfg.o
 .comment       0x00000049       0x4a Gpt.o
 .comment       0x00000049       0x4a lcd.o
 .comment       0x00000049       0x4a Led.o
 .comment       0x00000049       0x4a main.o
 .comment       0x00000049       0x4a my_keypad.o
 .comment       0x00000049       0x4a Os.o
 .comment       0x00000049       0x4a Port.o
 .comment       0x00000049       0x4a Port_PBcfg.o
 .comment       0x00000049       0x4a startup.o

.ARM.attributes
                0x00000000       0x2d
 .ARM.attributes
                0x00000000       0x2d App.o
 .ARM.attributes
                0x0000002d       0x2d Button.o
 .ARM.attributes
                0x0000005a       0x2d Co_Scheduler.o
 .ARM.attributes
                0x00000087       0x2d delay.o
 .ARM.attributes
                0x000000b4       0x2d Det.o
 .ARM.attributes
                0x000000e1       0x2d Dio.o
 .ARM.attributes
                0x0000010e       0x2d Dio_PBcfg.o
 .ARM.attributes
                0x0000013b       0x2d Gpt.o
 .ARM.attributes
                0x00000168       0x2d lcd.o
 .ARM.attributes
                0x00000195       0x2d Led.o
 .ARM.attributes
                0x000001c2       0x2d main.o
 .ARM.attributes
                0x000001ef       0x2d my_keypad.o
 .ARM.attributes
                0x0000021c       0x2d Os.o
 .ARM.attributes
                0x00000249       0x2d Port.o
 .ARM.attributes
                0x00000276       0x2d Port_PBcfg.o
 .ARM.attributes
                0x000002a3       0x2d startup.o

.debug_frame    0x00000000      0x7f8
 .debug_frame   0x00000000       0xc8 App.o
 .debug_frame   0x000000c8       0x54 Button.o
 .debug_frame   0x0000011c      0x120 Co_Scheduler.o
 .debug_frame   0x0000023c       0x38 delay.o
 .debug_frame   0x00000274       0x38 Det.o
 .debug_frame   0x000002ac      0x1a0 Dio.o
 .debug_frame   0x0000044c       0xbc Gpt.o
 .debug_frame   0x00000508       0xd8 lcd.o
 .debug_frame   0x000005e0       0x80 Led.o
 .debug_frame   0x00000660       0x2c main.o
 .debug_frame   0x0000068c       0x2c my_keypad.o
 .debug_frame   0x000006b8       0x2c Os.o
 .debug_frame   0x000006e4       0xc8 Port.o
 .debug_frame   0x000007ac       0x4c startup.o
